// Jest Snapshot v1, https://goo.gl/fbAQLP

exports[`Menu should match the snapshot 1`] = `
ShallowWrapper {
  Symbol(enzyme.__root__): [Circular],
  Symbol(enzyme.__unrendered__): <Menu
    changePage={
      [MockFunction] {
        "calls": Array [
          Array [
            "vehicles",
          ],
          Array [
            "favorites",
          ],
          Array [
            "people",
          ],
          Array [
            "planets",
          ],
        ],
        "results": Array [
          Object {
            "isThrow": false,
            "value": undefined,
          },
          Object {
            "isThrow": false,
            "value": undefined,
          },
          Object {
            "isThrow": false,
            "value": undefined,
          },
          Object {
            "isThrow": false,
            "value": undefined,
          },
        ],
      }
    }
  />,
  Symbol(enzyme.__renderer__): Object {
    "batchedUpdates": [Function],
    "getNode": [Function],
    "render": [Function],
    "simulateError": [Function],
    "simulateEvent": [Function],
    "unmount": [Function],
  },
  Symbol(enzyme.__node__): Object {
    "instance": null,
    "key": undefined,
    "nodeType": "host",
    "props": Object {
      "children": Array [
        <h1
          className="main-title"
        >
          a new scope
        </h1>,
        <div
          className="favorites-path"
        >
          <div
            className="favorites-planet"
            onClick={[Function]}
          >
            <h3>
              Favorites
            </h3>
          </div>
          <div
            className="vehicles-path"
          >
            <div
              className="vehicles-planet"
              onClick={[Function]}
            >
              <h3>
                Vehicles
              </h3>
            </div>
            <div
              className="planets-path"
            >
              <div
                className="planets-planet"
                onClick={[Function]}
              >
                <h3>
                  Planets
                </h3>
              </div>
              <div
                className="people-path"
              >
                <div
                  className="people-planet"
                  onClick={[Function]}
                >
                  <h3>
                    People
                  </h3>
                </div>
              </div>
            </div>
          </div>
        </div>,
      ],
      "className": "menu",
    },
    "ref": null,
    "rendered": Array [
      Object {
        "instance": null,
        "key": undefined,
        "nodeType": "host",
        "props": Object {
          "children": "a new scope",
          "className": "main-title",
        },
        "ref": null,
        "rendered": "a new scope",
        "type": "h1",
      },
      Object {
        "instance": null,
        "key": undefined,
        "nodeType": "host",
        "props": Object {
          "children": Array [
            <div
              className="favorites-planet"
              onClick={[Function]}
            >
              <h3>
                Favorites
              </h3>
            </div>,
            <div
              className="vehicles-path"
            >
              <div
                className="vehicles-planet"
                onClick={[Function]}
              >
                <h3>
                  Vehicles
                </h3>
              </div>
              <div
                className="planets-path"
              >
                <div
                  className="planets-planet"
                  onClick={[Function]}
                >
                  <h3>
                    Planets
                  </h3>
                </div>
                <div
                  className="people-path"
                >
                  <div
                    className="people-planet"
                    onClick={[Function]}
                  >
                    <h3>
                      People
                    </h3>
                  </div>
                </div>
              </div>
            </div>,
          ],
          "className": "favorites-path",
        },
        "ref": null,
        "rendered": Array [
          Object {
            "instance": null,
            "key": undefined,
            "nodeType": "host",
            "props": Object {
              "children": <h3>
                Favorites
              </h3>,
              "className": "favorites-planet",
              "onClick": [Function],
            },
            "ref": null,
            "rendered": Object {
              "instance": null,
              "key": undefined,
              "nodeType": "host",
              "props": Object {
                "children": "Favorites",
              },
              "ref": null,
              "rendered": "Favorites",
              "type": "h3",
            },
            "type": "div",
          },
          Object {
            "instance": null,
            "key": undefined,
            "nodeType": "host",
            "props": Object {
              "children": Array [
                <div
                  className="vehicles-planet"
                  onClick={[Function]}
                >
                  <h3>
                    Vehicles
                  </h3>
                </div>,
                <div
                  className="planets-path"
                >
                  <div
                    className="planets-planet"
                    onClick={[Function]}
                  >
                    <h3>
                      Planets
                    </h3>
                  </div>
                  <div
                    className="people-path"
                  >
                    <div
                      className="people-planet"
                      onClick={[Function]}
                    >
                      <h3>
                        People
                      </h3>
                    </div>
                  </div>
                </div>,
              ],
              "className": "vehicles-path",
            },
            "ref": null,
            "rendered": Array [
              Object {
                "instance": null,
                "key": undefined,
                "nodeType": "host",
                "props": Object {
                  "children": <h3>
                    Vehicles
                  </h3>,
                  "className": "vehicles-planet",
                  "onClick": [Function],
                },
                "ref": null,
                "rendered": Object {
                  "instance": null,
                  "key": undefined,
                  "nodeType": "host",
                  "props": Object {
                    "children": "Vehicles",
                  },
                  "ref": null,
                  "rendered": "Vehicles",
                  "type": "h3",
                },
                "type": "div",
              },
              Object {
                "instance": null,
                "key": undefined,
                "nodeType": "host",
                "props": Object {
                  "children": Array [
                    <div
                      className="planets-planet"
                      onClick={[Function]}
                    >
                      <h3>
                        Planets
                      </h3>
                    </div>,
                    <div
                      className="people-path"
                    >
                      <div
                        className="people-planet"
                        onClick={[Function]}
                      >
                        <h3>
                          People
                        </h3>
                      </div>
                    </div>,
                  ],
                  "className": "planets-path",
                },
                "ref": null,
                "rendered": Array [
                  Object {
                    "instance": null,
                    "key": undefined,
                    "nodeType": "host",
                    "props": Object {
                      "children": <h3>
                        Planets
                      </h3>,
                      "className": "planets-planet",
                      "onClick": [Function],
                    },
                    "ref": null,
                    "rendered": Object {
                      "instance": null,
                      "key": undefined,
                      "nodeType": "host",
                      "props": Object {
                        "children": "Planets",
                      },
                      "ref": null,
                      "rendered": "Planets",
                      "type": "h3",
                    },
                    "type": "div",
                  },
                  Object {
                    "instance": null,
                    "key": undefined,
                    "nodeType": "host",
                    "props": Object {
                      "children": <div
                        className="people-planet"
                        onClick={[Function]}
                      >
                        <h3>
                          People
                        </h3>
                      </div>,
                      "className": "people-path",
                    },
                    "ref": null,
                    "rendered": Object {
                      "instance": null,
                      "key": undefined,
                      "nodeType": "host",
                      "props": Object {
                        "children": <h3>
                          People
                        </h3>,
                        "className": "people-planet",
                        "onClick": [Function],
                      },
                      "ref": null,
                      "rendered": Object {
                        "instance": null,
                        "key": undefined,
                        "nodeType": "host",
                        "props": Object {
                          "children": "People",
                        },
                        "ref": null,
                        "rendered": "People",
                        "type": "h3",
                      },
                      "type": "div",
                    },
                    "type": "div",
                  },
                ],
                "type": "div",
              },
            ],
            "type": "div",
          },
        ],
        "type": "div",
      },
    ],
    "type": "div",
  },
  Symbol(enzyme.__nodes__): Array [
    Object {
      "instance": null,
      "key": undefined,
      "nodeType": "host",
      "props": Object {
        "children": Array [
          <h1
            className="main-title"
          >
            a new scope
          </h1>,
          <div
            className="favorites-path"
          >
            <div
              className="favorites-planet"
              onClick={[Function]}
            >
              <h3>
                Favorites
              </h3>
            </div>
            <div
              className="vehicles-path"
            >
              <div
                className="vehicles-planet"
                onClick={[Function]}
              >
                <h3>
                  Vehicles
                </h3>
              </div>
              <div
                className="planets-path"
              >
                <div
                  className="planets-planet"
                  onClick={[Function]}
                >
                  <h3>
                    Planets
                  </h3>
                </div>
                <div
                  className="people-path"
                >
                  <div
                    className="people-planet"
                    onClick={[Function]}
                  >
                    <h3>
                      People
                    </h3>
                  </div>
                </div>
              </div>
            </div>
          </div>,
        ],
        "className": "menu",
      },
      "ref": null,
      "rendered": Array [
        Object {
          "instance": null,
          "key": undefined,
          "nodeType": "host",
          "props": Object {
            "children": "a new scope",
            "className": "main-title",
          },
          "ref": null,
          "rendered": "a new scope",
          "type": "h1",
        },
        Object {
          "instance": null,
          "key": undefined,
          "nodeType": "host",
          "props": Object {
            "children": Array [
              <div
                className="favorites-planet"
                onClick={[Function]}
              >
                <h3>
                  Favorites
                </h3>
              </div>,
              <div
                className="vehicles-path"
              >
                <div
                  className="vehicles-planet"
                  onClick={[Function]}
                >
                  <h3>
                    Vehicles
                  </h3>
                </div>
                <div
                  className="planets-path"
                >
                  <div
                    className="planets-planet"
                    onClick={[Function]}
                  >
                    <h3>
                      Planets
                    </h3>
                  </div>
                  <div
                    className="people-path"
                  >
                    <div
                      className="people-planet"
                      onClick={[Function]}
                    >
                      <h3>
                        People
                      </h3>
                    </div>
                  </div>
                </div>
              </div>,
            ],
            "className": "favorites-path",
          },
          "ref": null,
          "rendered": Array [
            Object {
              "instance": null,
              "key": undefined,
              "nodeType": "host",
              "props": Object {
                "children": <h3>
                  Favorites
                </h3>,
                "className": "favorites-planet",
                "onClick": [Function],
              },
              "ref": null,
              "rendered": Object {
                "instance": null,
                "key": undefined,
                "nodeType": "host",
                "props": Object {
                  "children": "Favorites",
                },
                "ref": null,
                "rendered": "Favorites",
                "type": "h3",
              },
              "type": "div",
            },
            Object {
              "instance": null,
              "key": undefined,
              "nodeType": "host",
              "props": Object {
                "children": Array [
                  <div
                    className="vehicles-planet"
                    onClick={[Function]}
                  >
                    <h3>
                      Vehicles
                    </h3>
                  </div>,
                  <div
                    className="planets-path"
                  >
                    <div
                      className="planets-planet"
                      onClick={[Function]}
                    >
                      <h3>
                        Planets
                      </h3>
                    </div>
                    <div
                      className="people-path"
                    >
                      <div
                        className="people-planet"
                        onClick={[Function]}
                      >
                        <h3>
                          People
                        </h3>
                      </div>
                    </div>
                  </div>,
                ],
                "className": "vehicles-path",
              },
              "ref": null,
              "rendered": Array [
                Object {
                  "instance": null,
                  "key": undefined,
                  "nodeType": "host",
                  "props": Object {
                    "children": <h3>
                      Vehicles
                    </h3>,
                    "className": "vehicles-planet",
                    "onClick": [Function],
                  },
                  "ref": null,
                  "rendered": Object {
                    "instance": null,
                    "key": undefined,
                    "nodeType": "host",
                    "props": Object {
                      "children": "Vehicles",
                    },
                    "ref": null,
                    "rendered": "Vehicles",
                    "type": "h3",
                  },
                  "type": "div",
                },
                Object {
                  "instance": null,
                  "key": undefined,
                  "nodeType": "host",
                  "props": Object {
                    "children": Array [
                      <div
                        className="planets-planet"
                        onClick={[Function]}
                      >
                        <h3>
                          Planets
                        </h3>
                      </div>,
                      <div
                        className="people-path"
                      >
                        <div
                          className="people-planet"
                          onClick={[Function]}
                        >
                          <h3>
                            People
                          </h3>
                        </div>
                      </div>,
                    ],
                    "className": "planets-path",
                  },
                  "ref": null,
                  "rendered": Array [
                    Object {
                      "instance": null,
                      "key": undefined,
                      "nodeType": "host",
                      "props": Object {
                        "children": <h3>
                          Planets
                        </h3>,
                        "className": "planets-planet",
                        "onClick": [Function],
                      },
                      "ref": null,
                      "rendered": Object {
                        "instance": null,
                        "key": undefined,
                        "nodeType": "host",
                        "props": Object {
                          "children": "Planets",
                        },
                        "ref": null,
                        "rendered": "Planets",
                        "type": "h3",
                      },
                      "type": "div",
                    },
                    Object {
                      "instance": null,
                      "key": undefined,
                      "nodeType": "host",
                      "props": Object {
                        "children": <div
                          className="people-planet"
                          onClick={[Function]}
                        >
                          <h3>
                            People
                          </h3>
                        </div>,
                        "className": "people-path",
                      },
                      "ref": null,
                      "rendered": Object {
                        "instance": null,
                        "key": undefined,
                        "nodeType": "host",
                        "props": Object {
                          "children": <h3>
                            People
                          </h3>,
                          "className": "people-planet",
                          "onClick": [Function],
                        },
                        "ref": null,
                        "rendered": Object {
                          "instance": null,
                          "key": undefined,
                          "nodeType": "host",
                          "props": Object {
                            "children": "People",
                          },
                          "ref": null,
                          "rendered": "People",
                          "type": "h3",
                        },
                        "type": "div",
                      },
                      "type": "div",
                    },
                  ],
                  "type": "div",
                },
              ],
              "type": "div",
            },
          ],
          "type": "div",
        },
      ],
      "type": "div",
    },
  ],
  Symbol(enzyme.__options__): Object {
    "adapter": ReactSixteenAdapter {
      "options": Object {
        "enableComponentDidUpdateOnSetState": true,
        "lifecycles": Object {
          "componentDidUpdate": Object {
            "onSetState": true,
          },
          "getDerivedStateFromProps": true,
          "getSnapshotBeforeUpdate": true,
          "setState": Object {
            "skipsComponentDidUpdateOnNullish": true,
          },
        },
      },
    },
  },
}
`;
