// Jest Snapshot v1, https://goo.gl/fbAQLP

exports[`Main Should match the snapshot when finished loading 1`] = `
ShallowWrapper {
  Symbol(enzyme.__root__): [Circular],
  Symbol(enzyme.__unrendered__): <Main
    category="vehicles"
    changePage={[MockFunction]}
  />,
  Symbol(enzyme.__renderer__): Object {
    "batchedUpdates": [Function],
    "getNode": [Function],
    "render": [Function],
    "simulateError": [Function],
    "simulateEvent": [Function],
    "unmount": [Function],
  },
  Symbol(enzyme.__node__): Object {
    "instance": null,
    "key": undefined,
    "nodeType": "host",
    "props": Object {
      "children": Array [
        <div
          className="header-container"
        >
          <div
            className="continue-to-site-btn back-rings"
            onClick={[Function]}
          >
            <img
              alt="ring"
              className="outerring ring"
              src="./images/outerring.svg"
            />
            <img
              alt="ring"
              className="middlering ring"
              src="./images/outerring.svg"
            />
            <img
              alt="ring"
              className="innerring ring"
              src="./images/outerring.svg"
            />
          </div>
          <h1
            className="main-header"
          >
            vehicles
          </h1>
        </div>,
        <section
          className="card-section"
        >
          <div
            className="App"
          >
            <Loading />
          </div>
        </section>,
        <img
          alt="Landing Btn"
          className="return-to-landing-btn"
          onClick={[Function]}
          src="./images/millenium_color.png"
        />,
      ],
      "className": "main",
    },
    "ref": null,
    "rendered": Array [
      Object {
        "instance": null,
        "key": undefined,
        "nodeType": "host",
        "props": Object {
          "children": Array [
            <div
              className="continue-to-site-btn back-rings"
              onClick={[Function]}
            >
              <img
                alt="ring"
                className="outerring ring"
                src="./images/outerring.svg"
              />
              <img
                alt="ring"
                className="middlering ring"
                src="./images/outerring.svg"
              />
              <img
                alt="ring"
                className="innerring ring"
                src="./images/outerring.svg"
              />
            </div>,
            <h1
              className="main-header"
            >
              vehicles
            </h1>,
          ],
          "className": "header-container",
        },
        "ref": null,
        "rendered": Array [
          Object {
            "instance": null,
            "key": undefined,
            "nodeType": "host",
            "props": Object {
              "children": Array [
                <img
                  alt="ring"
                  className="outerring ring"
                  src="./images/outerring.svg"
                />,
                <img
                  alt="ring"
                  className="middlering ring"
                  src="./images/outerring.svg"
                />,
                <img
                  alt="ring"
                  className="innerring ring"
                  src="./images/outerring.svg"
                />,
              ],
              "className": "continue-to-site-btn back-rings",
              "onClick": [Function],
            },
            "ref": null,
            "rendered": Array [
              Object {
                "instance": null,
                "key": undefined,
                "nodeType": "host",
                "props": Object {
                  "alt": "ring",
                  "className": "outerring ring",
                  "src": "./images/outerring.svg",
                },
                "ref": null,
                "rendered": null,
                "type": "img",
              },
              Object {
                "instance": null,
                "key": undefined,
                "nodeType": "host",
                "props": Object {
                  "alt": "ring",
                  "className": "middlering ring",
                  "src": "./images/outerring.svg",
                },
                "ref": null,
                "rendered": null,
                "type": "img",
              },
              Object {
                "instance": null,
                "key": undefined,
                "nodeType": "host",
                "props": Object {
                  "alt": "ring",
                  "className": "innerring ring",
                  "src": "./images/outerring.svg",
                },
                "ref": null,
                "rendered": null,
                "type": "img",
              },
            ],
            "type": "div",
          },
          Object {
            "instance": null,
            "key": undefined,
            "nodeType": "host",
            "props": Object {
              "children": "vehicles",
              "className": "main-header",
            },
            "ref": null,
            "rendered": "vehicles",
            "type": "h1",
          },
        ],
        "type": "div",
      },
      Object {
        "instance": null,
        "key": undefined,
        "nodeType": "host",
        "props": Object {
          "children": <div
            className="App"
          >
            <Loading />
          </div>,
          "className": "card-section",
        },
        "ref": null,
        "rendered": Object {
          "instance": null,
          "key": undefined,
          "nodeType": "host",
          "props": Object {
            "children": <Loading />,
            "className": "App",
          },
          "ref": null,
          "rendered": Object {
            "instance": null,
            "key": undefined,
            "nodeType": "function",
            "props": Object {},
            "ref": null,
            "rendered": null,
            "type": [Function],
          },
          "type": "div",
        },
        "type": "section",
      },
      Object {
        "instance": null,
        "key": undefined,
        "nodeType": "host",
        "props": Object {
          "alt": "Landing Btn",
          "className": "return-to-landing-btn",
          "onClick": [Function],
          "src": "./images/millenium_color.png",
        },
        "ref": null,
        "rendered": null,
        "type": "img",
      },
    ],
    "type": "main",
  },
  Symbol(enzyme.__nodes__): Array [
    Object {
      "instance": null,
      "key": undefined,
      "nodeType": "host",
      "props": Object {
        "children": Array [
          <div
            className="header-container"
          >
            <div
              className="continue-to-site-btn back-rings"
              onClick={[Function]}
            >
              <img
                alt="ring"
                className="outerring ring"
                src="./images/outerring.svg"
              />
              <img
                alt="ring"
                className="middlering ring"
                src="./images/outerring.svg"
              />
              <img
                alt="ring"
                className="innerring ring"
                src="./images/outerring.svg"
              />
            </div>
            <h1
              className="main-header"
            >
              vehicles
            </h1>
          </div>,
          <section
            className="card-section"
          >
            <div
              className="App"
            >
              <Loading />
            </div>
          </section>,
          <img
            alt="Landing Btn"
            className="return-to-landing-btn"
            onClick={[Function]}
            src="./images/millenium_color.png"
          />,
        ],
        "className": "main",
      },
      "ref": null,
      "rendered": Array [
        Object {
          "instance": null,
          "key": undefined,
          "nodeType": "host",
          "props": Object {
            "children": Array [
              <div
                className="continue-to-site-btn back-rings"
                onClick={[Function]}
              >
                <img
                  alt="ring"
                  className="outerring ring"
                  src="./images/outerring.svg"
                />
                <img
                  alt="ring"
                  className="middlering ring"
                  src="./images/outerring.svg"
                />
                <img
                  alt="ring"
                  className="innerring ring"
                  src="./images/outerring.svg"
                />
              </div>,
              <h1
                className="main-header"
              >
                vehicles
              </h1>,
            ],
            "className": "header-container",
          },
          "ref": null,
          "rendered": Array [
            Object {
              "instance": null,
              "key": undefined,
              "nodeType": "host",
              "props": Object {
                "children": Array [
                  <img
                    alt="ring"
                    className="outerring ring"
                    src="./images/outerring.svg"
                  />,
                  <img
                    alt="ring"
                    className="middlering ring"
                    src="./images/outerring.svg"
                  />,
                  <img
                    alt="ring"
                    className="innerring ring"
                    src="./images/outerring.svg"
                  />,
                ],
                "className": "continue-to-site-btn back-rings",
                "onClick": [Function],
              },
              "ref": null,
              "rendered": Array [
                Object {
                  "instance": null,
                  "key": undefined,
                  "nodeType": "host",
                  "props": Object {
                    "alt": "ring",
                    "className": "outerring ring",
                    "src": "./images/outerring.svg",
                  },
                  "ref": null,
                  "rendered": null,
                  "type": "img",
                },
                Object {
                  "instance": null,
                  "key": undefined,
                  "nodeType": "host",
                  "props": Object {
                    "alt": "ring",
                    "className": "middlering ring",
                    "src": "./images/outerring.svg",
                  },
                  "ref": null,
                  "rendered": null,
                  "type": "img",
                },
                Object {
                  "instance": null,
                  "key": undefined,
                  "nodeType": "host",
                  "props": Object {
                    "alt": "ring",
                    "className": "innerring ring",
                    "src": "./images/outerring.svg",
                  },
                  "ref": null,
                  "rendered": null,
                  "type": "img",
                },
              ],
              "type": "div",
            },
            Object {
              "instance": null,
              "key": undefined,
              "nodeType": "host",
              "props": Object {
                "children": "vehicles",
                "className": "main-header",
              },
              "ref": null,
              "rendered": "vehicles",
              "type": "h1",
            },
          ],
          "type": "div",
        },
        Object {
          "instance": null,
          "key": undefined,
          "nodeType": "host",
          "props": Object {
            "children": <div
              className="App"
            >
              <Loading />
            </div>,
            "className": "card-section",
          },
          "ref": null,
          "rendered": Object {
            "instance": null,
            "key": undefined,
            "nodeType": "host",
            "props": Object {
              "children": <Loading />,
              "className": "App",
            },
            "ref": null,
            "rendered": Object {
              "instance": null,
              "key": undefined,
              "nodeType": "function",
              "props": Object {},
              "ref": null,
              "rendered": null,
              "type": [Function],
            },
            "type": "div",
          },
          "type": "section",
        },
        Object {
          "instance": null,
          "key": undefined,
          "nodeType": "host",
          "props": Object {
            "alt": "Landing Btn",
            "className": "return-to-landing-btn",
            "onClick": [Function],
            "src": "./images/millenium_color.png",
          },
          "ref": null,
          "rendered": null,
          "type": "img",
        },
      ],
      "type": "main",
    },
  ],
  Symbol(enzyme.__options__): Object {
    "adapter": ReactSixteenAdapter {
      "options": Object {
        "enableComponentDidUpdateOnSetState": true,
        "lifecycles": Object {
          "componentDidUpdate": Object {
            "onSetState": true,
          },
          "getDerivedStateFromProps": true,
          "getSnapshotBeforeUpdate": true,
          "setState": Object {
            "skipsComponentDidUpdateOnNullish": true,
          },
        },
      },
    },
  },
}
`;

exports[`Main Should match the snapshot when loading 1`] = `
ShallowWrapper {
  Symbol(enzyme.__root__): [Circular],
  Symbol(enzyme.__unrendered__): <Main
    category="vehicles"
    changePage={[MockFunction]}
  />,
  Symbol(enzyme.__renderer__): Object {
    "batchedUpdates": [Function],
    "getNode": [Function],
    "render": [Function],
    "simulateError": [Function],
    "simulateEvent": [Function],
    "unmount": [Function],
  },
  Symbol(enzyme.__node__): Object {
    "instance": null,
    "key": undefined,
    "nodeType": "host",
    "props": Object {
      "children": Array [
        <div
          className="header-container"
        >
          <div
            className="continue-to-site-btn back-rings"
            onClick={[Function]}
          >
            <img
              alt="ring"
              className="outerring ring"
              src="./images/outerring.svg"
            />
            <img
              alt="ring"
              className="middlering ring"
              src="./images/outerring.svg"
            />
            <img
              alt="ring"
              className="innerring ring"
              src="./images/outerring.svg"
            />
          </div>
          <h1
            className="main-header"
          >
            vehicles
          </h1>
        </div>,
        <section
          className="card-section"
        >
          <div
            className="App"
          >
            <Loading />
          </div>
        </section>,
        <img
          alt="Landing Btn"
          className="return-to-landing-btn"
          onClick={[Function]}
          src="./images/millenium_color.png"
        />,
      ],
      "className": "main",
    },
    "ref": null,
    "rendered": Array [
      Object {
        "instance": null,
        "key": undefined,
        "nodeType": "host",
        "props": Object {
          "children": Array [
            <div
              className="continue-to-site-btn back-rings"
              onClick={[Function]}
            >
              <img
                alt="ring"
                className="outerring ring"
                src="./images/outerring.svg"
              />
              <img
                alt="ring"
                className="middlering ring"
                src="./images/outerring.svg"
              />
              <img
                alt="ring"
                className="innerring ring"
                src="./images/outerring.svg"
              />
            </div>,
            <h1
              className="main-header"
            >
              vehicles
            </h1>,
          ],
          "className": "header-container",
        },
        "ref": null,
        "rendered": Array [
          Object {
            "instance": null,
            "key": undefined,
            "nodeType": "host",
            "props": Object {
              "children": Array [
                <img
                  alt="ring"
                  className="outerring ring"
                  src="./images/outerring.svg"
                />,
                <img
                  alt="ring"
                  className="middlering ring"
                  src="./images/outerring.svg"
                />,
                <img
                  alt="ring"
                  className="innerring ring"
                  src="./images/outerring.svg"
                />,
              ],
              "className": "continue-to-site-btn back-rings",
              "onClick": [Function],
            },
            "ref": null,
            "rendered": Array [
              Object {
                "instance": null,
                "key": undefined,
                "nodeType": "host",
                "props": Object {
                  "alt": "ring",
                  "className": "outerring ring",
                  "src": "./images/outerring.svg",
                },
                "ref": null,
                "rendered": null,
                "type": "img",
              },
              Object {
                "instance": null,
                "key": undefined,
                "nodeType": "host",
                "props": Object {
                  "alt": "ring",
                  "className": "middlering ring",
                  "src": "./images/outerring.svg",
                },
                "ref": null,
                "rendered": null,
                "type": "img",
              },
              Object {
                "instance": null,
                "key": undefined,
                "nodeType": "host",
                "props": Object {
                  "alt": "ring",
                  "className": "innerring ring",
                  "src": "./images/outerring.svg",
                },
                "ref": null,
                "rendered": null,
                "type": "img",
              },
            ],
            "type": "div",
          },
          Object {
            "instance": null,
            "key": undefined,
            "nodeType": "host",
            "props": Object {
              "children": "vehicles",
              "className": "main-header",
            },
            "ref": null,
            "rendered": "vehicles",
            "type": "h1",
          },
        ],
        "type": "div",
      },
      Object {
        "instance": null,
        "key": undefined,
        "nodeType": "host",
        "props": Object {
          "children": <div
            className="App"
          >
            <Loading />
          </div>,
          "className": "card-section",
        },
        "ref": null,
        "rendered": Object {
          "instance": null,
          "key": undefined,
          "nodeType": "host",
          "props": Object {
            "children": <Loading />,
            "className": "App",
          },
          "ref": null,
          "rendered": Object {
            "instance": null,
            "key": undefined,
            "nodeType": "function",
            "props": Object {},
            "ref": null,
            "rendered": null,
            "type": [Function],
          },
          "type": "div",
        },
        "type": "section",
      },
      Object {
        "instance": null,
        "key": undefined,
        "nodeType": "host",
        "props": Object {
          "alt": "Landing Btn",
          "className": "return-to-landing-btn",
          "onClick": [Function],
          "src": "./images/millenium_color.png",
        },
        "ref": null,
        "rendered": null,
        "type": "img",
      },
    ],
    "type": "main",
  },
  Symbol(enzyme.__nodes__): Array [
    Object {
      "instance": null,
      "key": undefined,
      "nodeType": "host",
      "props": Object {
        "children": Array [
          <div
            className="header-container"
          >
            <div
              className="continue-to-site-btn back-rings"
              onClick={[Function]}
            >
              <img
                alt="ring"
                className="outerring ring"
                src="./images/outerring.svg"
              />
              <img
                alt="ring"
                className="middlering ring"
                src="./images/outerring.svg"
              />
              <img
                alt="ring"
                className="innerring ring"
                src="./images/outerring.svg"
              />
            </div>
            <h1
              className="main-header"
            >
              vehicles
            </h1>
          </div>,
          <section
            className="card-section"
          >
            <div
              className="App"
            >
              <Loading />
            </div>
          </section>,
          <img
            alt="Landing Btn"
            className="return-to-landing-btn"
            onClick={[Function]}
            src="./images/millenium_color.png"
          />,
        ],
        "className": "main",
      },
      "ref": null,
      "rendered": Array [
        Object {
          "instance": null,
          "key": undefined,
          "nodeType": "host",
          "props": Object {
            "children": Array [
              <div
                className="continue-to-site-btn back-rings"
                onClick={[Function]}
              >
                <img
                  alt="ring"
                  className="outerring ring"
                  src="./images/outerring.svg"
                />
                <img
                  alt="ring"
                  className="middlering ring"
                  src="./images/outerring.svg"
                />
                <img
                  alt="ring"
                  className="innerring ring"
                  src="./images/outerring.svg"
                />
              </div>,
              <h1
                className="main-header"
              >
                vehicles
              </h1>,
            ],
            "className": "header-container",
          },
          "ref": null,
          "rendered": Array [
            Object {
              "instance": null,
              "key": undefined,
              "nodeType": "host",
              "props": Object {
                "children": Array [
                  <img
                    alt="ring"
                    className="outerring ring"
                    src="./images/outerring.svg"
                  />,
                  <img
                    alt="ring"
                    className="middlering ring"
                    src="./images/outerring.svg"
                  />,
                  <img
                    alt="ring"
                    className="innerring ring"
                    src="./images/outerring.svg"
                  />,
                ],
                "className": "continue-to-site-btn back-rings",
                "onClick": [Function],
              },
              "ref": null,
              "rendered": Array [
                Object {
                  "instance": null,
                  "key": undefined,
                  "nodeType": "host",
                  "props": Object {
                    "alt": "ring",
                    "className": "outerring ring",
                    "src": "./images/outerring.svg",
                  },
                  "ref": null,
                  "rendered": null,
                  "type": "img",
                },
                Object {
                  "instance": null,
                  "key": undefined,
                  "nodeType": "host",
                  "props": Object {
                    "alt": "ring",
                    "className": "middlering ring",
                    "src": "./images/outerring.svg",
                  },
                  "ref": null,
                  "rendered": null,
                  "type": "img",
                },
                Object {
                  "instance": null,
                  "key": undefined,
                  "nodeType": "host",
                  "props": Object {
                    "alt": "ring",
                    "className": "innerring ring",
                    "src": "./images/outerring.svg",
                  },
                  "ref": null,
                  "rendered": null,
                  "type": "img",
                },
              ],
              "type": "div",
            },
            Object {
              "instance": null,
              "key": undefined,
              "nodeType": "host",
              "props": Object {
                "children": "vehicles",
                "className": "main-header",
              },
              "ref": null,
              "rendered": "vehicles",
              "type": "h1",
            },
          ],
          "type": "div",
        },
        Object {
          "instance": null,
          "key": undefined,
          "nodeType": "host",
          "props": Object {
            "children": <div
              className="App"
            >
              <Loading />
            </div>,
            "className": "card-section",
          },
          "ref": null,
          "rendered": Object {
            "instance": null,
            "key": undefined,
            "nodeType": "host",
            "props": Object {
              "children": <Loading />,
              "className": "App",
            },
            "ref": null,
            "rendered": Object {
              "instance": null,
              "key": undefined,
              "nodeType": "function",
              "props": Object {},
              "ref": null,
              "rendered": null,
              "type": [Function],
            },
            "type": "div",
          },
          "type": "section",
        },
        Object {
          "instance": null,
          "key": undefined,
          "nodeType": "host",
          "props": Object {
            "alt": "Landing Btn",
            "className": "return-to-landing-btn",
            "onClick": [Function],
            "src": "./images/millenium_color.png",
          },
          "ref": null,
          "rendered": null,
          "type": "img",
        },
      ],
      "type": "main",
    },
  ],
  Symbol(enzyme.__options__): Object {
    "adapter": ReactSixteenAdapter {
      "options": Object {
        "enableComponentDidUpdateOnSetState": true,
        "lifecycles": Object {
          "componentDidUpdate": Object {
            "onSetState": true,
          },
          "getDerivedStateFromProps": true,
          "getSnapshotBeforeUpdate": true,
          "setState": Object {
            "skipsComponentDidUpdateOnNullish": true,
          },
        },
      },
    },
  },
}
`;
