// Jest Snapshot v1, https://goo.gl/fbAQLP

exports[`Error should match the snapshot 1`] = `
ShallowWrapper {
  Symbol(enzyme.__root__): [Circular],
  Symbol(enzyme.__unrendered__): <Error
    returnToLanding={[MockFunction]}
    setError={[MockFunction]}
  />,
  Symbol(enzyme.__renderer__): Object {
    "batchedUpdates": [Function],
    "getNode": [Function],
    "render": [Function],
    "simulateError": [Function],
    "simulateEvent": [Function],
    "unmount": [Function],
  },
  Symbol(enzyme.__node__): Object {
    "instance": null,
    "key": undefined,
    "nodeType": "host",
    "props": Object {
      "children": Array [
        <img
          alt="Darth Vader Error"
          className="error-darth"
          src="./images/darth.svg"
        />,
        <h1
          className="sith-happens"
        >
          Sith Happens...
        </h1>,
        <h4
          className="error-sub"
        >
          Oops, something seems to have gone wrong.
        </h4>,
        <Link
          replace={false}
          to="/"
        >
          <button
            className="error-sub error-button"
            onClick={[Function]}
            type="submit"
          >
            Click here to return to site.
          </button>
        </Link>,
      ],
      "className": "error-box",
    },
    "ref": null,
    "rendered": Array [
      Object {
        "instance": null,
        "key": undefined,
        "nodeType": "host",
        "props": Object {
          "alt": "Darth Vader Error",
          "className": "error-darth",
          "src": "./images/darth.svg",
        },
        "ref": null,
        "rendered": null,
        "type": "img",
      },
      Object {
        "instance": null,
        "key": undefined,
        "nodeType": "host",
        "props": Object {
          "children": "Sith Happens...",
          "className": "sith-happens",
        },
        "ref": null,
        "rendered": "Sith Happens...",
        "type": "h1",
      },
      Object {
        "instance": null,
        "key": undefined,
        "nodeType": "host",
        "props": Object {
          "children": "Oops, something seems to have gone wrong.",
          "className": "error-sub",
        },
        "ref": null,
        "rendered": "Oops, something seems to have gone wrong.",
        "type": "h4",
      },
      Object {
        "instance": null,
        "key": undefined,
        "nodeType": "class",
        "props": Object {
          "children": <button
            className="error-sub error-button"
            onClick={[Function]}
            type="submit"
          >
            Click here to return to site.
          </button>,
          "replace": false,
          "to": "/",
        },
        "ref": null,
        "rendered": Object {
          "instance": null,
          "key": undefined,
          "nodeType": "host",
          "props": Object {
            "children": "Click here to return to site.",
            "className": "error-sub error-button",
            "onClick": [Function],
            "type": "submit",
          },
          "ref": null,
          "rendered": "Click here to return to site.",
          "type": "button",
        },
        "type": [Function],
      },
    ],
    "type": "div",
  },
  Symbol(enzyme.__nodes__): Array [
    Object {
      "instance": null,
      "key": undefined,
      "nodeType": "host",
      "props": Object {
        "children": Array [
          <img
            alt="Darth Vader Error"
            className="error-darth"
            src="./images/darth.svg"
          />,
          <h1
            className="sith-happens"
          >
            Sith Happens...
          </h1>,
          <h4
            className="error-sub"
          >
            Oops, something seems to have gone wrong.
          </h4>,
          <Link
            replace={false}
            to="/"
          >
            <button
              className="error-sub error-button"
              onClick={[Function]}
              type="submit"
            >
              Click here to return to site.
            </button>
          </Link>,
        ],
        "className": "error-box",
      },
      "ref": null,
      "rendered": Array [
        Object {
          "instance": null,
          "key": undefined,
          "nodeType": "host",
          "props": Object {
            "alt": "Darth Vader Error",
            "className": "error-darth",
            "src": "./images/darth.svg",
          },
          "ref": null,
          "rendered": null,
          "type": "img",
        },
        Object {
          "instance": null,
          "key": undefined,
          "nodeType": "host",
          "props": Object {
            "children": "Sith Happens...",
            "className": "sith-happens",
          },
          "ref": null,
          "rendered": "Sith Happens...",
          "type": "h1",
        },
        Object {
          "instance": null,
          "key": undefined,
          "nodeType": "host",
          "props": Object {
            "children": "Oops, something seems to have gone wrong.",
            "className": "error-sub",
          },
          "ref": null,
          "rendered": "Oops, something seems to have gone wrong.",
          "type": "h4",
        },
        Object {
          "instance": null,
          "key": undefined,
          "nodeType": "class",
          "props": Object {
            "children": <button
              className="error-sub error-button"
              onClick={[Function]}
              type="submit"
            >
              Click here to return to site.
            </button>,
            "replace": false,
            "to": "/",
          },
          "ref": null,
          "rendered": Object {
            "instance": null,
            "key": undefined,
            "nodeType": "host",
            "props": Object {
              "children": "Click here to return to site.",
              "className": "error-sub error-button",
              "onClick": [Function],
              "type": "submit",
            },
            "ref": null,
            "rendered": "Click here to return to site.",
            "type": "button",
          },
          "type": [Function],
        },
      ],
      "type": "div",
    },
  ],
  Symbol(enzyme.__options__): Object {
    "adapter": ReactSixteenAdapter {
      "options": Object {
        "enableComponentDidUpdateOnSetState": true,
        "lifecycles": Object {
          "componentDidUpdate": Object {
            "onSetState": true,
          },
          "getDerivedStateFromProps": true,
          "getSnapshotBeforeUpdate": true,
          "setState": Object {
            "skipsComponentDidUpdateOnNullish": true,
          },
        },
      },
    },
  },
}
`;
